MSBuild version 17.14.23+b0019275e for .NET Framework

  1>
  1>
  1>Staging viewer resources
  llwebrtc.vcxproj -> E:\BoxxyViewer\build-vc170-64\llwebrtc\Release\llwebrtc.dll
  llprecompiled.vcxproj -> E:\BoxxyViewer\build-vc170-64\llprecompiled\Release\llprecompiled.lib
  Copying PDB for PCH reuse from llprecompiled for llcommon
  llcommon.vcxproj -> E:\BoxxyViewer\build-vc170-64\llcommon\Release\llcommon.lib
  Copying PDB for PCH reuse from llprecompiled for llmeshoptimizer
  llmeshoptimizer.vcxproj -> E:\BoxxyViewer\build-vc170-64\llmeshoptimizer\Release\llmeshoptimizer.lib
  Copying PDB for PCH reuse from llprecompiled for llmath
  llmath.vcxproj -> E:\BoxxyViewer\build-vc170-64\llmath\Release\llmath.lib
  Copying PDB for PCH reuse from llprecompiled for llfilesystem
  Copying PDB for PCH reuse from llprecompiled for llcorehttp
  llcorehttp.vcxproj -> E:\BoxxyViewer\build-vc170-64\llcorehttp\Release\llcorehttp.lib
  llfilesystem.vcxproj -> E:\BoxxyViewer\build-vc170-64\llfilesystem\Release\llfilesystem.lib
  Copying PDB for PCH reuse from llprecompiled for llmessage
  Copying PDB for PCH reuse from llprecompiled for llxml
  llxml.vcxproj -> E:\BoxxyViewer\build-vc170-64\llxml\Release\llxml.lib
  llmessage.vcxproj -> E:\BoxxyViewer\build-vc170-64\llmessage\Release\llmessage.lib
  Copying PDB for PCH reuse from llprecompiled for llplugin
  llplugin.vcxproj -> E:\BoxxyViewer\build-vc170-64\llplugin\Release\llplugin.lib
  Copying PDB for PCH reuse from llprecompiled for SLPlugin
  SLPlugin.vcxproj -> E:\BoxxyViewer\build-vc170-64\llplugin\slplugin\Release\SLPlugin.exe
  media_plugin_base.vcxproj -> E:\BoxxyViewer\build-vc170-64\media_plugins\base\Release\media_plugin_base.lib
  media_plugin_cef.vcxproj -> E:\BoxxyViewer\build-vc170-64\media_plugins\cef\Release\media_plugin_cef.dll
  media_plugin_libvlc.vcxproj -> E:\BoxxyViewer\build-vc170-64\media_plugins\libvlc\Release\media_plugin_libvlc.dll
  media_plugin_example.vcxproj -> E:\BoxxyViewer\build-vc170-64\media_plugins\example\Release\media_plugin_example.dll
  1>
  Copying PDB for PCH reuse from llprecompiled for llaudio
  Copying PDB for PCH reuse from llprecompiled for llcharacter
  llaudio.vcxproj -> E:\BoxxyViewer\build-vc170-64\llaudio\Release\llaudio.lib
  Copying PDB for PCH reuse from llprecompiled for llimagej2coj
  llimagej2coj.vcxproj -> E:\BoxxyViewer\build-vc170-64\llimagej2coj\Release\llimagej2coj.lib
  llcharacter.vcxproj -> E:\BoxxyViewer\build-vc170-64\llcharacter\Release\llcharacter.lib
  Copying PDB for PCH reuse from llprecompiled for llimage
  Copying PDB for PCH reuse from llprecompiled for llinventory
  llimage.vcxproj -> E:\BoxxyViewer\build-vc170-64\llimage\Release\llimage.lib
  llinventory.vcxproj -> E:\BoxxyViewer\build-vc170-64\llinventory\Release\llinventory.lib
  Copying PDB for PCH reuse from llprecompiled for llwindow
  lllogin.vcxproj -> E:\BoxxyViewer\build-vc170-64\viewer_components\login\Release\lllogin.lib
  llwindow.vcxproj -> E:\BoxxyViewer\build-vc170-64\llwindow\Release\llwindow.lib
  Copying PDB for PCH reuse from llprecompiled for llphysicsextensionsos
  Copying PDB for PCH reuse from llprecompiled for llrender
  llphysicsextensionsos.vcxproj -> E:\BoxxyViewer\build-vc170-64\llphysicsextensionsos\Release\llphysicsextensionsos.lib
  llrender.vcxproj -> E:\BoxxyViewer\build-vc170-64\llrender\Release\llrender.lib
  Copying PDB for PCH reuse from llprecompiled for llprimitive
  llprimitive.vcxproj -> E:\BoxxyViewer\build-vc170-64\llprimitive\Release\llprimitive.lib
  Copying PDB for PCH reuse from llprecompiled for llappearance
  Copying PDB for PCH reuse from llprecompiled for llui
  llui.vcxproj -> E:\BoxxyViewer\build-vc170-64\llui\Release\llui.lib
  llappearance.vcxproj -> E:\BoxxyViewer\build-vc170-64\llappearance\Release\llappearance.lib
  fsexactoit.cpp
  asset.cpp
  gltfscenemanager.cpp
  llagent.cpp
  llagentcamera.cpp
  llappviewer.cpp
  llavatarrenderinfoaccountant.cpp
  llchatbar.cpp
  llchathistory.cpp
  llcontrolavatar.cpp
  lldirpicker.cpp
  lldrawable.cpp
  lldrawpool.cpp
  lldrawpoolalpha.cpp
  lldrawpoolavatar.cpp
  lldrawpoolbump.cpp
  lldrawpoolmaterials.cpp
  lldrawpoolpbropaque.cpp
  lldrawpoolsimple.cpp
  lldrawpoolterrain.cpp
  lldrawpooltree.cpp
  lldrawpoolwater.cpp
  lldrawpoolwaterexclusion.cpp
  lldrawpoolwlsky.cpp
  lldynamictexture.cpp
  llenvironment.cpp
  llface.cpp
  llfeaturemanager.cpp
  llfetchedgltfmaterial.cpp
  llfilepicker.cpp
  llflexibleobject.cpp
  llfloater360capture.cpp
  llfloateravatarpicker.cpp
  llfloaterbeacons.cpp
  llfloaterboxxyradar.cpp
  llfloaterbuyland.cpp
  llfloaterbvhpreview.cpp
  llfloatercolorpicker.cpp
  llfloatereditenvironmentbase.cpp
  llfloaterenvironmentadjust.cpp
  llfloatergodtools.cpp
  llfloaterimagepreview.cpp
  llfloaterimcontainer.cpp
  llfloatermodelpreview.cpp
  llfloaterpathfindingcharacters.cpp
  llfloaterpathfindingconsole.cpp
  llfloaterperformance.cpp
  llfloaterpreference.cpp
  llfloaterpreferencesgraphicsadvanced.cpp
  llglsandbox.cpp
  llgltfmateriallist.cpp
  llgltfmaterialpreviewmgr.cpp
  llheroprobemanager.cpp
  llhudeffecttrail.cpp
  llhudmanager.cpp
  llhudnametag.cpp
  llhudtext.cpp
  llimprocessing.cpp
  lllegacyatmospherics.cpp
  lllocalbitmaps.cpp
  llmanip.cpp
  llmaniprotate.cpp
  llmanipscale.cpp
  llmaniptranslate.cpp
  llmaterialmgr.cpp
  llmeshrepository.cpp
  llmodelpreview.cpp
  llmorphview.cpp
  llmutelist.cpp
  llnetmap.cpp
  llpanelcontents.cpp
  llpanelobject.cpp
  llpanelpeople.cpp
  llpanelvolume.cpp
  llpathfindingmanager.cpp
  llperfstats.cpp
  llpipelinelistener.cpp
  llreflectionmap.cpp
  llreflectionmapmanager.cpp
  llregionposition.cpp
  llscenemonitor.cpp
  llsceneview.cpp
  llselectmgr.cpp
  llsettingsvo.cpp
  llsky.cpp
  llsnapshotlivepreview.cpp
  llspatialpartition.cpp
  llspeakers.cpp
  llstartup.cpp
  llstatusbar.cpp
  llsurface.cpp
  llsurfacepatch.cpp
  llterrainpaintmap.cpp
  lltexturefetch.cpp
  lltextureinfo.cpp
  lltexturestats.cpp
  lltextureview.cpp
  lltoolbrush.cpp
  lltooldraganddrop.cpp
  lltoolgrab.cpp
  lltoolmorph.cpp
  lltoolobjpicker.cpp
  lltoolpie.cpp
  lltoolplacer.cpp
  lltoolselect.cpp
  lltracker.cpp
  lluiavatar.cpp
  llviewercamera.cpp
  llviewerchat.cpp
  llviewercontrol.cpp
  llviewerdisplay.cpp
  llviewerjoint.cpp
  llviewerjointattachment.cpp
  llviewerjointmesh.cpp
  llviewermenu.cpp
  llviewermessage.cpp
  llviewerobject.cpp
  llviewerobjectlist.cpp
  llvieweroctree.cpp
  llviewerparcelmgr.cpp
  llviewerparceloverlay.cpp
  llviewerpartsim.cpp
  llviewerpartsource.cpp
  llviewerregion.cpp
  llviewershadermgr.cpp
  llviewerstats.cpp
  llviewerstatsrecorder.cpp
  llviewertexlayer.cpp
  llviewertexture.cpp
  llviewertexturelist.cpp
  llviewerwindow.cpp
  llvlcomposition.cpp
  llvlmanager.cpp
  llvoavatar.cpp
  llvoavatarself.cpp
  llvocache.cpp
  llvograss.cpp
  llvoicewebrtc.cpp
  llvopartgroup.cpp
  llvosky.cpp
  llvosurfacepatch.cpp
  llvotree.cpp
  llvovolume.cpp
  llvowater.cpp
  llvowlsky.cpp
  llwind.cpp
  llworld.cpp
  pipeline.cpp
  Verifying message template - See http://wiki.secondlife.com/wiki/Template_verifier.py
  master: https://github.com/secondlife/master-message-template/raw/master/message_template.msg
  current: E:\BoxxyViewer\scripts\messages\message_template.msg
  Message template SHA_1 has not changed.
     Creating library E:/BoxxyViewer/build-vc170-64/newview/Release/secondlife-bin.lib and object E:/BoxxyViewer/build-vc170-64/newview/Release/secondlife-bin.exp
  Generating code
  24921 of 377338 functions ( 6.6%) were compiled, the rest were copied from previous compilation.
    0 functions were new in current compilation
    4115 functions had inline decision re-evaluated but remain unchanged
  Finished generating code
  secondlife-bin.vcxproj -> E:\BoxxyViewer\build-vc170-64\newview\Release\secondlife-bin.exe
