MSBuild version 17.14.23+b0019275e for .NET Framework

  1>
  1>
  1>Staging viewer resources
  llwebrtc.vcxproj -> E:\BoxxyViewer\build-vc170-64\llwebrtc\Release\llwebrtc.dll
  llprecompiled.vcxproj -> E:\BoxxyViewer\build-vc170-64\llprecompiled\Release\llprecompiled.lib
  Copying PDB for PCH reuse from llprecompiled for llcommon
  llcommon.vcxproj -> E:\BoxxyViewer\build-vc170-64\llcommon\Release\llcommon.lib
  Copying PDB for PCH reuse from llprecompiled for llmeshoptimizer
  llmeshoptimizer.vcxproj -> E:\BoxxyViewer\build-vc170-64\llmeshoptimizer\Release\llmeshoptimizer.lib
  Copying PDB for PCH reuse from llprecompiled for llmath
  llmath.vcxproj -> E:\BoxxyViewer\build-vc170-64\llmath\Release\llmath.lib
  Copying PDB for PCH reuse from llprecompiled for llfilesystem
  Copying PDB for PCH reuse from llprecompiled for llcorehttp
  llcorehttp.vcxproj -> E:\BoxxyViewer\build-vc170-64\llcorehttp\Release\llcorehttp.lib
  llfilesystem.vcxproj -> E:\BoxxyViewer\build-vc170-64\llfilesystem\Release\llfilesystem.lib
  Copying PDB for PCH reuse from llprecompiled for llmessage
  Copying PDB for PCH reuse from llprecompiled for llxml
  llxml.vcxproj -> E:\BoxxyViewer\build-vc170-64\llxml\Release\llxml.lib
  llmessage.vcxproj -> E:\BoxxyViewer\build-vc170-64\llmessage\Release\llmessage.lib
  Copying PDB for PCH reuse from llprecompiled for llplugin
  llplugin.vcxproj -> E:\BoxxyViewer\build-vc170-64\llplugin\Release\llplugin.lib
  Copying PDB for PCH reuse from llprecompiled for SLPlugin
  SLPlugin.vcxproj -> E:\BoxxyViewer\build-vc170-64\llplugin\slplugin\Release\SLPlugin.exe
  media_plugin_base.vcxproj -> E:\BoxxyViewer\build-vc170-64\media_plugins\base\Release\media_plugin_base.lib
  media_plugin_cef.vcxproj -> E:\BoxxyViewer\build-vc170-64\media_plugins\cef\Release\media_plugin_cef.dll
  media_plugin_libvlc.vcxproj -> E:\BoxxyViewer\build-vc170-64\media_plugins\libvlc\Release\media_plugin_libvlc.dll
  media_plugin_example.vcxproj -> E:\BoxxyViewer\build-vc170-64\media_plugins\example\Release\media_plugin_example.dll
  1>
  Copying PDB for PCH reuse from llprecompiled for llaudio
  Copying PDB for PCH reuse from llprecompiled for llcharacter
  llaudio.vcxproj -> E:\BoxxyViewer\build-vc170-64\llaudio\Release\llaudio.lib
  Copying PDB for PCH reuse from llprecompiled for llimagej2coj
  Copying PDB for PCH reuse from llprecompiled for llinventory
  llimagej2coj.vcxproj -> E:\BoxxyViewer\build-vc170-64\llimagej2coj\Release\llimagej2coj.lib
  llbvhloader.cpp
  llcharacter.cpp
  lleditingmotion.cpp
  llhandmotion.cpp
  llheadrotmotion.cpp
  llkeyframefallmotion.cpp
  llkeyframemotion.cpp
  llkeyframestandmotion.cpp
  llkeyframewalkmotion.cpp
  llmotion.cpp
  llmotioncontroller.cpp
  llpose.cpp
  lltargetingmotion.cpp
  Copying PDB for PCH reuse from llprecompiled for llimage
  llinventory.vcxproj -> E:\BoxxyViewer\build-vc170-64\llinventory\Release\llinventory.lib
  llimage.vcxproj -> E:\BoxxyViewer\build-vc170-64\llimage\Release\llimage.lib
  lllogin.vcxproj -> E:\BoxxyViewer\build-vc170-64\viewer_components\login\Release\lllogin.lib
  Copying PDB for PCH reuse from llprecompiled for llphysicsextensionsos
  llphysicsextensionsos.vcxproj -> E:\BoxxyViewer\build-vc170-64\llphysicsextensionsos\Release\llphysicsextensionsos.lib
  Copying PDB for PCH reuse from llprecompiled for llwindow
  llwindow.vcxproj -> E:\BoxxyViewer\build-vc170-64\llwindow\Release\llwindow.lib
  Copying PDB for PCH reuse from llprecompiled for llrender
  llrender.vcxproj -> E:\BoxxyViewer\build-vc170-64\llrender\Release\llrender.lib
  Copying PDB for PCH reuse from llprecompiled for llui
  llui.vcxproj -> E:\BoxxyViewer\build-vc170-64\llui\Release\llui.lib
  llcharacter.vcxproj -> E:\BoxxyViewer\build-vc170-64\llcharacter\Release\llcharacter.lib
  Copying PDB for PCH reuse from llprecompiled for llappearance
  Copying PDB for PCH reuse from llprecompiled for llprimitive
  llavatarappearance.cpp
  llavatarjoint.cpp
  llavatarjointmesh.cpp
  lldriverparam.cpp
  llpolymesh.cpp
  llpolymorph.cpp
  llpolyskeletaldistortion.cpp
  lltexglobalcolor.cpp
  lltexlayer.cpp
  lltexlayerparams.cpp
  llwearable.cpp
  llwearabledata.cpp
  llprimitive.vcxproj -> E:\BoxxyViewer\build-vc170-64\llprimitive\Release\llprimitive.lib
  llappearance.vcxproj -> E:\BoxxyViewer\build-vc170-64\llappearance\Release\llappearance.lib
  cmake_pch.cxx
  fsexactoit.cpp
  accessor.cpp
  animation.cpp
  asset.cpp
  llgltfloader.cpp
  primitive.cpp
  gltfscenemanager.cpp
  groupchatlistener.cpp
  llaccountingcostmanager.cpp
  llagent.cpp
  llagentaccess.cpp
  llagentbenefits.cpp
  llagentcamera.cpp
  llagentdata.cpp
  llagentlanguage.cpp
  llagentlistener.cpp
  llagentpicksinfo.cpp
  llagentpilot.cpp
  llagentui.cpp
  llagentwearables.cpp
  llaisapi.cpp
  llanimstatelabels.cpp
  llappcorehttp.cpp
  llappearancelistener.cpp
  llappearancemgr.cpp
  llappviewer.cpp
  llappviewerlistener.cpp
  llappviewerwin32.cpp
  llattachmentsmgr.cpp
  llaudiosourcevo.cpp
  llautoreplace.cpp
  llavataractions.cpp
  llavatariconctrl.cpp
  llavatarlist.cpp
  llavatarlistitem.cpp
  llavatarpropertiesprocessor.cpp
  llavatarrenderinfoaccountant.cpp
  llavatarrendernotifier.cpp
  llblockedlistitem.cpp
  llblocklist.cpp
  llbox.cpp
  llboxxyao.cpp
  llboxxyaotransfer.cpp
  llboxxyvip.cpp
  llbrowsernotification.cpp
  llbuycurrencyhtml.cpp
  llcallingcard.cpp
  llchannelmanager.cpp
  llchatbar.cpp
  llchathistory.cpp
  llchatitemscontainerctrl.cpp
  llchatmsgbox.cpp
  llchiclet.cpp
  llchicletbar.cpp
  llclassifiedinfo.cpp
  llcofwearables.cpp
  llcolorswatch.cpp
  llcommanddispatcherlistener.cpp
  llcommandhandler.cpp
  llcommandlineparser.cpp
  llcommunicationchannel.cpp
  llcompilequeue.cpp
  llconfirmationmanager.cpp
  llcontrolavatar.cpp
  llconversationlog.cpp
  llconversationloglist.cpp
  llconversationloglistitem.cpp
  llconversationmodel.cpp
  llconversationview.cpp
  llcurrencyuimanager.cpp
  llcylinder.cpp
  lldateutil.cpp
  lldebugmessagebox.cpp
  lldebugview.cpp
  lldeferredsounds.cpp
  lldelayedgestureerror.cpp
  lldirpicker.cpp
  lldndbutton.cpp
  lldonotdisturbnotificationstorage.cpp
  lldrawable.cpp
  lldrawpool.cpp
  lldrawpoolalpha.cpp
  lldrawpoolavatar.cpp
  lldrawpoolbump.cpp
  lldrawpoolmaterials.cpp
  lldrawpoolpbropaque.cpp
  lldrawpoolsimple.cpp
  lldrawpoolsky.cpp
  lldrawpoolterrain.cpp
  lldrawpooltree.cpp
  lldrawpoolwater.cpp
  lldrawpoolwaterexclusion.cpp
  lldrawpoolwlsky.cpp
  lldynamictexture.cpp
  llemote.cpp
  llenvironment.cpp
  llestateinfomodel.cpp
  lleventnotifier.cpp
  lleventpoll.cpp
  llexpandabletextbox.cpp
  llexperiencelog.cpp
  llexternaleditor.cpp
  llface.cpp
  llfasttimerview.cpp
  llfavoritesbar.cpp
  llfeaturemanager.cpp
  llfetchedgltfmaterial.cpp
  llfilepicker.cpp
  llfilteredwearablelist.cpp
  llfirstuse.cpp
  llflexibleobject.cpp
  llfloater360capture.cpp
  llfloaterabout.cpp
  llfloateraddpaymentmethod.cpp
  llfloaterauction.cpp
  llfloaterautoreplacesettings.cpp
  llfloateravatarpicker.cpp
  llfloateravatarrendersettings.cpp
  llfloateravatartextures.cpp
  llfloateravatarwelcomepack.cpp
  llfloaterbanduration.cpp
  llfloaterbeacons.cpp
  llfloaterboxxyao.cpp
  llfloaterboxxyradar.cpp
  llfloaterboxxytpose.cpp
  llfloaterbuildoptions.cpp
  llfloaterbulkpermission.cpp
  llfloaterbulkupload.cpp
  llfloaterbump.cpp
  llfloaterbuy.cpp
  llfloaterbuycontents.cpp
  llfloaterbuycurrency.cpp
  llfloaterbuycurrencyhtml.cpp
  llfloaterbuyland.cpp
  llfloaterbvhpreview.cpp
  llfloatercamera.cpp
  llfloatercamerapresets.cpp
  llfloaterchangeitemthumbnail.cpp
  llfloaterchatmentionpicker.cpp
  llfloaterchatvoicevolume.cpp
  llfloaterclassified.cpp
  llfloatercolorpicker.cpp
  llfloaterconversationlog.cpp
  llfloaterconversationpreview.cpp
  llfloatercreatelandmark.cpp
  llfloaterdeleteprefpreset.cpp
  llfloaterdestinations.cpp
  llfloaterdirectory.cpp
  llfloaterdisplayname.cpp
  llfloatereconomylog.cpp
  llfloatereditenvironmentbase.cpp
  llfloatereditextdaycycle.cpp
  llfloateremojipicker.cpp
  llfloaterenvironmentadjust.cpp
  llfloaterevent.cpp
  llfloaterexperiencepicker.cpp
  llfloaterexperienceprofile.cpp
  llfloaterexperiences.cpp
  llfloaterfixedenvironment.cpp
  llfloaterfonttest.cpp
  llfloaterforgetuser.cpp
  llfloatergesture.cpp
  llfloatergestureautocompletepicker.cpp
  llfloatergltfasseteditor.cpp
  llfloatergodtools.cpp
  llfloatergotoline.cpp
  llfloatergridstatus.cpp
  llfloatergroupbulkban.cpp
  llfloatergroupinvite.cpp
  llfloatergroups.cpp
  llfloaterhandler.cpp
  llfloaterhelpbrowser.cpp
  llfloaterhoverheight.cpp
  llfloaterhud.cpp
  llfloaterimagepreview.cpp
  llfloaterimcontainer.cpp
  llfloaterimnearbychat.cpp
  llfloaterimnearbychathandler.cpp
  llfloaterimnearbychatlistener.cpp
  llfloaterimsession.cpp
  llfloaterimsessiontab.cpp
  llfloaterinspect.cpp
  llfloaterinventorycleanup.cpp
  llfloaterinventorysettings.cpp
  llfloaterinventorythumbnailshelper.cpp
  llfloaterjoystick.cpp
  llfloaterlagmeter.cpp
  llfloaterland.cpp
  llfloaterlandholdings.cpp
  llfloaterlinkreplace.cpp
  llfloaterloadprefpreset.cpp
  llfloatermap.cpp
  llfloatermarketplace.cpp
  llfloatermarketplacelistings.cpp
  llfloatermediasettings.cpp
  llfloatermemleak.cpp
  llfloatermodelpreview.cpp
  llfloatermodeluploadbase.cpp
  llfloatermyenvironment.cpp
  llfloatermyscripts.cpp
  llfloaternamedesc.cpp
  llfloaternewfeaturenotification.cpp
  llfloaternotificationsconsole.cpp
  llfloaternotificationstabbed.cpp
  llfloaterobjectweights.cpp
  llfloateropenobject.cpp
  llfloaterpathfindingcharacters.cpp
  llfloaterpathfindingconsole.cpp
  llfloaterpathfindinglinksets.cpp
  llfloaterpathfindingobjects.cpp
  llfloaterpay.cpp
  llfloaterperformance.cpp
  llfloaterperms.cpp
  llfloaterpreference.cpp
  llfloaterpreferencesgraphicsadvanced.cpp
  llfloaterpreferenceviewadvanced.cpp
  llfloaterpreviewtrash.cpp
  llfloaterprofile.cpp
  llfloaterprofiletexture.cpp
  llfloaterregiondebugconsole.cpp
  llfloaterregioninfo.cpp
  llfloaterregionrestarting.cpp
  llfloaterregionrestartschedule.cpp
  llfloaterreporter.cpp
  llfloatersavecamerapreset.cpp
  llfloatersaveprefpreset.cpp
  llfloatersceneloadstats.cpp
  llfloaterscriptdebug.cpp
  llfloaterscriptedprefs.cpp
  llfloaterscripting.cpp
  llfloaterscriptlimits.cpp
  llfloatersearch.cpp
  llfloatersellland.cpp
  llfloatersettingscolor.cpp
  llfloatersettingsdebug.cpp
  llfloatersidepanelcontainer.cpp
  llfloatersimplesnapshot.cpp
  llfloaterslapptest.cpp
  llfloatersnapshot.cpp
  llfloaterspellchecksettings.cpp
  llfloatertelehub.cpp
  llfloatertestinspectors.cpp
  llfloatertestlistview.cpp
  llfloatertools.cpp
  llfloatertopobjects.cpp
  llfloatertos.cpp
  llfloatertoybox.cpp
  llfloatertranslationsettings.cpp
  llfloateruipreview.cpp
  llfloaterurlentry.cpp
  llfloatervoicevolume.cpp
  llfloaterwebcontent.cpp
  llfloaterwhitelistentry.cpp
  llfloaterwindowsize.cpp
  llfloaterworldmap.cpp
  llfloaterwornattachments.cpp
  llflyoutcombobtn.cpp
  llfolderviewmodelinventory.cpp
  llfollowcam.cpp
  llfriendcard.cpp
  llgesturelistener.cpp
  llgesturemgr.cpp
  llgiveinventory.cpp
  llglsandbox.cpp
  llgltffolderitem.cpp
  llgltffoldermodel.cpp
  llgltfmateriallist.cpp
  llgltfmaterialpreviewmgr.cpp
  llgroupactions.cpp
  llgroupiconctrl.cpp
  llgrouplist.cpp
  llgroupmgr.cpp
  llhasheduniqueid.cpp
  llheroprobemanager.cpp
  llhints.cpp
  llhttpretrypolicy.cpp
  llhudeffect.cpp
  llhudeffectbeam.cpp
  llhudeffectblob.cpp
  llhudeffectlookat.cpp
  llhudeffectpointat.cpp
  llhudeffectresetskeleton.cpp
  llhudeffecttrail.cpp
  llhudicon.cpp
  llhudmanager.cpp
  llhudnametag.cpp
  llhudobject.cpp
  llhudrender.cpp
  llhudtext.cpp
  llhudview.cpp
  llimagefiltersmanager.cpp
  llimhandler.cpp
  llimprocessing.cpp
  llimview.cpp
  llinspect.cpp
  llinspectavatar.cpp
  llinspectgroup.cpp
  llinspectobject.cpp
  llinspectremoteobject.cpp
  llinspecttexture.cpp
  llinspecttoast.cpp
  llinventorybridge.cpp
  llinventoryfilter.cpp
  llinventoryfunctions.cpp
  llinventorygallery.cpp
  llinventorygallerymenu.cpp
  llinventoryicon.cpp
  llinventoryitemslist.cpp
  llinventorylistener.cpp
  llinventorylistitem.cpp
  llinventorymodel.cpp
  llinventorymodelbackgroundfetch.cpp
  llinventoryobserver.cpp
  llinventorypanel.cpp
  llinventorysearch.cpp
  lljoystickbutton.cpp
  llkeyconflict.cpp
  lllandmarkactions.cpp
  lllandmarklist.cpp
  lllegacyatmospherics.cpp
  lllistcontextmenu.cpp
  lllistview.cpp
  lllocalbitmaps.cpp
  lllocalgltfmaterials.cpp
  lllocationhistory.cpp
  lllocationinputctrl.cpp
  lllogchat.cpp
  llloginhandler.cpp
  lllogininstance.cpp
  llmachineid.cpp
  llmanip.cpp
  llmaniprotate.cpp
  llmanipscale.cpp
  llmaniptranslate.cpp
  llmarketplacefunctions.cpp
  llmarketplacenotifications.cpp
  llmaterialeditor.cpp
  llmaterialmgr.cpp
  llmediactrl.cpp
  llmediadataclient.cpp
  llmenuoptionpathfindingrebakenavmesh.cpp
  llmeshrepository.cpp
  llmimetypes.cpp
  llmodelpreview.cpp
  llmorphview.cpp
  llmoveview.cpp
  llmutelist.cpp
  llnamebox.cpp
  llnameeditor.cpp
  llnamelistctrl.cpp
  llnavigationbar.cpp
  llnearbyvoicemoderation.cpp
  llnetmap.cpp
  llnotificationalerthandler.cpp
  llnotificationgrouphandler.cpp
  llnotificationhandlerutil.cpp
  llnotificationhinthandler.cpp
  llnotificationlistitem.cpp
  llnotificationlistview.cpp
  llnotificationmanager.cpp
  llnotificationofferhandler.cpp
  llnotificationscripthandler.cpp
  llnotificationstorage.cpp
  llnotificationtiphandler.cpp
  lloutfitgallery.cpp
  lloutfitobserver.cpp
  lloutfitslist.cpp
  lloutputmonitorctrl.cpp
  llpanelappearancetab.cpp
  llpanelavatar.cpp
  llpanelavatartag.cpp
  llpanelblockedlist.cpp
  llpanelboxxynowplaying.cpp
  llpanelclassified.cpp
  llpanelcontents.cpp
  llpaneldirbrowser.cpp
  llpaneldirclassified.cpp
  llpaneldirevents.cpp
  llpaneldirgroups.cpp
  llpaneldirland.cpp
  llpaneldirpeople.cpp
  llpaneldirplaces.cpp
  llpaneldirweb.cpp
  llpaneleditsky.cpp
  llpaneleditwater.cpp
  llpaneleditwearable.cpp
  llpanelemojicomplete.cpp
  llpanelenvironment.cpp
  llpaneleventinfo.cpp
  llpanelexperiencelisteditor.cpp
  llpanelexperiencelog.cpp
  llpanelexperiencepicker.cpp
  llpanelexperiences.cpp
  llpanelface.cpp
  llpanelgenerictip.cpp
  llpanelgroup.cpp
  llpanelgroupbulk.cpp
  llpanelgroupbulkban.cpp
  llpanelgroupcreate.cpp
  llpanelgroupexperiences.cpp
  llpanelgroupgeneral.cpp
  llpanelgroupinvite.cpp
  llpanelgrouplandmoney.cpp
  llpanelgroupnotices.cpp
  llpanelgrouproles.cpp
  llpanelhome.cpp
  llpanelland.cpp
  llpanellandaudio.cpp
  llpanellandmarkinfo.cpp
  llpanellandmarks.cpp
  llpanellandmedia.cpp
  llpanellogin.cpp
  llpanelloginlistener.cpp
  llpanelmaininventory.cpp
  llpanelmarketplaceinbox.cpp
  llpanelmarketplaceinboxinventory.cpp
  llpanelmediasettingsgeneral.cpp
  llpanelmediasettingspermissions.cpp
  llpanelmediasettingssecurity.cpp
  llpanelnearbymedia.cpp
  llpanelobject.cpp
  llpanelobjectinventory.cpp
  llpanelonlinestatus.cpp
  llpaneloutfitedit.cpp
  llpaneloutfitsinventory.cpp
  llpanelpeople.cpp
  llpanelpeoplemenus.cpp
  llpanelpermissions.cpp
  llpanelplaceinfo.cpp
  llpanelplaceprofile.cpp
  llpanelplaces.cpp
  llpanelplacestab.cpp
  llpanelpresetscamerapulldown.cpp
  llpanelpresetspulldown.cpp
  llpanelprimmediacontrols.cpp
  llpanelprofile.cpp
  llpanelprofileclassifieds.cpp
  llpanelprofilepicks.cpp
  llpanelpulldown.cpp
  llpanelsnapshot.cpp
  llpanelsnapshotinventory.cpp
  llpanelsnapshotlocal.cpp
  llpanelsnapshotoptions.cpp
  llpanelsnapshotpostcard.cpp
  llpanelsnapshotprofile.cpp
  llpanelteleporthistory.cpp
  llpaneltiptoast.cpp
  llpaneltopinfobar.cpp
  llpanelvoicedevicesettings.cpp
  llpanelvolume.cpp
  llpanelvolumepulldown.cpp
  llpanelwearing.cpp
  llparcelselection.cpp
  llparticipantlist.cpp
  llpatchvertexarray.cpp
  llpathfindingcharacter.cpp
  llpathfindingcharacterlist.cpp
  llpathfindinglinkset.cpp
  llpathfindinglinksetlist.cpp
  llpathfindingmanager.cpp
  llpathfindingnavmesh.cpp
  llpathfindingnavmeshstatus.cpp
  llpathfindingnavmeshzone.cpp
  llpathfindingobject.cpp
  llpathfindingobjectlist.cpp
  llpathfindingpathtool.cpp
  llpbrterrainfeatures.cpp
  llperfstats.cpp
  llpersistentnotificationstorage.cpp
  llphysicsmotion.cpp
  llphysicsshapebuilderutil.cpp
  llpipelinelistener.cpp
  llplacesfolderview.cpp
  llplacesinventorybridge.cpp
  llplacesinventorypanel.cpp
  llpopupview.cpp
  llpostcard.cpp
  llpresetsmanager.cpp
  llpreview.cpp
  llpreviewanim.cpp
  llpreviewgesture.cpp
  llpreviewnotecard.cpp
  llpreviewscript.cpp
  llpreviewsound.cpp
  llpreviewtexture.cpp
  llproductinforequest.cpp
  llprogressview.cpp
  llpublishedobjectmgr.cpp
  llrecentpeople.cpp
  llreflectionmap.cpp
  llreflectionmapmanager.cpp
  llregioninfomodel.cpp
  llregionposition.cpp
  llremoteparcelrequest.cpp
  llsaveoutfitcombobtn.cpp
  llscenemonitor.cpp
  llsceneview.cpp
  llscreenchannel.cpp
  llscripteditor.cpp
  llscripteditorws.cpp
  llscriptfloater.cpp
  llscrollingpanelparam.cpp
  llscrollingpanelparambase.cpp
  llsculptidsize.cpp
  llsearchableui.cpp
  llsearchcombobox.cpp
  llsearchhistory.cpp
  llsecapi.cpp
  llsechandler_basic.cpp
  llselectmgr.cpp
  llsetkeybinddialog.cpp
  llsettingspicker.cpp
  llsettingsvo.cpp
  llshareavatarhandler.cpp
  llsidepanelappearance.cpp
  llsidepanelinventory.cpp
  llsidepanelinventorysubpanel.cpp
  llsidepaneliteminfo.cpp
  llsidepaneltaskinfo.cpp
  llsidetraypanelcontainer.cpp
  llskinningutil.cpp
  llsky.cpp
  llslurl.cpp
  llsnapshotlivepreview.cpp
  llspatialpartition.cpp
  llspeakers.cpp
  llspeakingindicatormanager.cpp
  llsplitbutton.cpp
  llsprite.cpp
  llstartup.cpp
  llstartuplistener.cpp
  llstatslistener.cpp
  llstatusbar.cpp
  llstylemap.cpp
  llsurface.cpp
  llsurfacepatch.cpp
  llsyntaxid.cpp
  llsyswellitem.cpp
  llsyswellwindow.cpp
  llteleporthistory.cpp
  llteleporthistorystorage.cpp
  llterrainpaintmap.cpp
  lltexturecache.cpp
  lltexturectrl.cpp
  lltexturefetch.cpp
  lltextureinfo.cpp
  lltextureinfodetails.cpp
  lltexturestats.cpp
  lltextureview.cpp
  llthumbnailctrl.cpp
  lltinygltfhelper.cpp
  lltoast.cpp
  lltoastalertpanel.cpp
  lltoastgroupnotifypanel.cpp
  lltoastimpanel.cpp
  lltoastnotifypanel.cpp
  lltoastpanel.cpp
  lltoastscriptquestion.cpp
  lltoastscripttextbox.cpp
  lltool.cpp
  lltoolbarview.cpp
  lltoolbrush.cpp
  lltoolcomp.cpp
  lltooldraganddrop.cpp
  lltoolface.cpp
  lltoolfocus.cpp
  lltoolgrab.cpp
  lltoolgun.cpp
  lltoolindividual.cpp
  lltoolmgr.cpp
  lltoolmorph.cpp
  lltoolobjpicker.cpp
  lltoolpie.cpp
  lltoolpipette.cpp
  lltoolplacer.cpp
  lltoolselect.cpp
  lltoolselectland.cpp
  lltoolselectrect.cpp
  lltracker.cpp
  lltrackpicker.cpp
  lltransientdockablefloater.cpp
  lltransientfloatermgr.cpp
  lltranslate.cpp
  lluiavatar.cpp
  lluilistener.cpp
  lluploaddialog.cpp
  llurl.cpp
  llurldispatcher.cpp
  llurldispatcherlistener.cpp
  llurlfloaterdispatchhandler.cpp
  llurlhistory.cpp
  llurllineeditorctrl.cpp
  llurlwhitelist.cpp
  llvelopack.cpp
  llversioninfo.cpp
  llviewchildren.cpp
  llviewerassetstats.cpp
  llviewerassetstorage.cpp
  llviewerassettype.cpp
  llviewerassetupload.cpp
  llviewerattachmenu.cpp
  llvieweraudio.cpp
  llviewercamera.cpp
  llviewerchat.cpp
  llviewercontrol.cpp
  llviewercontrollistener.cpp
  llviewerdisplay.cpp
  llviewerdisplayname.cpp
  llviewerfloaterreg.cpp
  llviewerfoldertype.cpp
  llviewergenericmessage.cpp
  llviewergesture.cpp
  llviewerhelp.cpp
  llviewerhelputil.cpp
  llviewerhome.cpp
  llviewerinput.cpp
  llviewerinventory.cpp
  llviewerjoint.cpp
  llviewerjointattachment.cpp
  llviewerjointmesh.cpp
  llviewerjoystick.cpp
  llviewerlayer.cpp
  llviewermedia.cpp
  llviewermedia_streamingaudio.cpp
  llviewermediafocus.cpp
  llviewermenu.cpp
  llviewermenufile.cpp
  llviewermessage.cpp
  llviewernetwork.cpp
  llviewerobject.cpp
  llviewerobjectlist.cpp
  llvieweroctree.cpp
  llviewerparcelaskplay.cpp
  llviewerparcelmedia.cpp
  llviewerparcelmediaautoplay.cpp
  llviewerparcelmgr.cpp
  llviewerparceloverlay.cpp
  llviewerpartsim.cpp
  llviewerpartsource.cpp
  llviewerregion.cpp
  llviewershadermgr.cpp
  llviewerstats.cpp
  llviewerstatsrecorder.cpp
  llviewertexlayer.cpp
  llviewertexteditor.cpp
  llviewertexture.cpp
  llviewertextureanim.cpp
  llviewertexturelist.cpp
  llviewerthrottle.cpp
  llviewerwearable.cpp
  llviewerwindow.cpp
  llviewerwindowlistener.cpp
  llvlcomposition.cpp
  llvlmanager.cpp
  llvoavatar.cpp
  llvoavatarself.cpp
  llvocache.cpp
  llvograss.cpp
  llvoicecallhandler.cpp
  llvoicechannel.cpp
  llvoiceclient.cpp
  llvoicevisualizer.cpp
  llvoicewebrtc.cpp
  llvoinventorylistener.cpp
  llvopartgroup.cpp
  llvosky.cpp
  llvosurfacepatch.cpp
  llvotree.cpp
  llvovolume.cpp
  llvowater.cpp
  llvowlsky.cpp
  llvvmquery.cpp
  llwearableitemslist.cpp
  llwearablelist.cpp
  llweb.cpp
  llwebprofile.cpp
  llwind.cpp
  llwindebug.cpp
  llwindowlistener.cpp
  llwlhandlers.cpp
  llworld.cpp
  llworldmap.cpp
  llworldmapmessage.cpp
  llworldmapview.cpp
  llworldmipmap.cpp
  llxmlrpclistener.cpp
  llxmlrpctransaction.cpp
  noise.cpp
  pipeline.cpp
  Verifying message template - See http://wiki.secondlife.com/wiki/Template_verifier.py
  master: https://github.com/secondlife/master-message-template/raw/master/message_template.msg
  current: E:\BoxxyViewer\scripts\messages\message_template.msg
  Message template SHA_1 has not changed.
     Creating library E:/BoxxyViewer/build-vc170-64/newview/Release/secondlife-bin.lib and object E:/BoxxyViewer/build-vc170-64/newview/Release/secondlife-bin.exp
  Generating code
  33418 of 377306 functions ( 8.9%) were compiled, the rest were copied from previous compilation.
    4 functions were new in current compilation
    11452 functions had inline decision re-evaluated but remain unchanged
  Finished generating code
  secondlife-bin.vcxproj -> E:\BoxxyViewer\build-vc170-64\newview\Release\secondlife-bin.exe
